<testsuites id="" name="" tests="3" failures="0" skipped="0" errors="0" time="18.591762000000003">
<testsuite name="shoppingCart.spec.js" timestamp="2025-06-21T15:33:14.023Z" hostname="chromium" tests="1" failures="0" skipped="0" time="10.449" errors="0">
<testcase name="login shoppingCart add items to cart and place order" classname="shoppingCart.spec.js" time="10.449">
<system-out>
<![CDATA[**** Payment and Shipping Information *****
Payment information: SauceCard #31337
Shipping Info: Free Pony Express Delivery!
Item total: $55.97
Tax: $4.48
Total: $60.45
 ********** Thank you for your order!***********
]]>
</system-out>
</testcase>
</testsuite>
<testsuite name="shoppingCart.spec.js" timestamp="2025-06-21T15:33:14.023Z" hostname="firefox" tests="1" failures="0" skipped="0" time="4.054" errors="0">
<testcase name="login shoppingCart add items to cart and place order" classname="shoppingCart.spec.js" time="4.054">
<system-out>
<![CDATA[**** Payment and Shipping Information *****
Payment information: SauceCard #31337
Shipping Info: Free Pony Express Delivery!
Item total: $55.97
Tax: $4.48
Total: $60.45
 ********** Thank you for your order!***********
]]>
</system-out>
</testcase>
</testsuite>
<testsuite name="shoppingCart.spec.js" timestamp="2025-06-21T15:33:14.023Z" hostname="webkit" tests="1" failures="0" skipped="0" time="5.152" errors="0">
<testcase name="login shoppingCart add items to cart and place order" classname="shoppingCart.spec.js" time="5.152">
<system-out>
<![CDATA[**** Payment and Shipping Information *****
Payment information: SauceCard #31337
Shipping Info: Free Pony Express Delivery!
Item total: $55.97
Tax: $4.48
Total: $60.45
 ********** Thank you for your order!***********
]]>
</system-out>
</testcase>
</testsuite>
</testsuites>